
**********************************************************************
*                                                                    *
*                        M   A   P   L   E                           *
*                                                                    *
*      MAchine-learning Potential for Landscape Exploration          *
*                                                                    *
*                                                                    *
*      © 2025 University of Pittsburgh. All rights reserved.         *
*      Licensed under CC BY 4.0 for academic use.                    *
*                                                                    *
*      Principal Developer:  Xujian Wang                             *
*                                                                    *
**********************************************************************


Parsing # commands...
Global parameter: model = uma with options {'size': 'uma-s-1p1'}
Task set to 'parmfit'
Global parameter: device = gpu0
Parsed configuration:
----------------------------------------
Task: parmfit
model          : uma(size=uma-s-1p1)
method         : ncaa
input          : NCAA2.in
device         : gpu0

                             Coordinates                              
**********************************************************************

Group 1 (PDB File)
Resolved PDB: /home/hungn/Desktop/MyRepo/MLP/parmfit_tutorial/NCAA/Case2/MaDA.pdb
PDB coordinates are parsed by the parmfit route at runtime.
--------------------

======================================================================
                             Parmfit NCAA                             
======================================================================
Target: _89:HIF (protein)
  PDB residue templates: matched=516, backbone_only=1, unmatched=0
    non-standard (matched backbone only): _89:HIF (target)
    template overrides (renamed): _10:CYM (CYX->CYM), _74:CYM (CYX->CYM)
  PDB target charge: _89:HIF = -2 (from your input)
  [NCAA] MLIP model preparation + reference optimization ...
  NCAA target selector: HIF89
  residue name: HF1
  chirality: L
  net charge / spin multiplicity: -2 1
  protein ff: ff14SB
  bonded refinement: mseminario
  charge fitting: resp
  charge level: HF/6-31G(d)
  [NCAA] atomic charge fitting (resp) ...
  [NCAA] AmberTools template build ...
  [NCAA] MLIP Hessian + mSeminario ...
  [NCAA] TorsionFit ...
  [NCAA] writing refined templates + tleap input ...
  [NCAA] tleap validation ...
  [NCAA] route completed; final summary follows.

======================================================================
                         PARMFIT NCAA RESULT                          
======================================================================
Status: completed
Route: NCAA
Target: _89:HIF
Residue name: HF1
Chirality: L
Protein ff: ff14SB
Res charge/spin-multi: -2 1
Charge fitting: resp
Charge level: HF/6-31G(d)
Target charge: -2
Actual charge: -1.99999900
Charge MOL2: NCAA2_work/ncaa/HIF89/NCAA2_capped.mol2

Main products:
  refined prepin: NCAA2_work/HF1_maple.prepin
  refined frcmod: NCAA2_work/HF1_maple.frcmod
  tleap PDB:      NCAA2_work/NCAA2_ncaa_tleap.pdb
  tleap input:    NCAA2_work/NCAA2_ncaa_tleap.in

Stage timing:
  TorsionFit                      1h 53m 07s
  charge fitting                    7m 56s
  Hessian + mSeminario              1m 35s
  model preparation + reference     1m 04s
  tleap validation                      7s
  AmberTools template build             0s
  final export                          0s

Next step:
  cd NCAA2_work
  tleap -s -f NCAA2_ncaa_tleap.in |tee NCAA2_ncaa_tleap.out

Tleap status:
  Errors: 0
  Warnings: 3
  Notes: 0

Warnings:
  none
======================================================================



Program started: 2026-10-09 07:09:34

======================================================================
                      TIMING SUMMARY
======================================================================
Input Reading.......................................   1.172 s  (   0.0 %)
  Settings Parsing....................................   1.162 s  (  99.1 %)
  Coordinate Section Parsing..........................   0.001 s  (   0.1 %)
  Post-Processing Expansion...........................   0.000 s  (   0.0 %)
MLP Initialization..................................  13.380 s  (   0.2 %)
Job Dispatching..................................... 7432.354 s  (  99.8 %)
  Parmfit optimization................................ 7432.352 s  ( 100.0 %)
    Parmfit NCAA........................................ 7432.261 s  ( 100.0 %)
======================================================================
Total wall time: 7446.907 s
Total CPU time: 6962.897 s
======================================================================

Program ended: 2026-10-09 09:13:41
TOTAL RUN TIME: 0 days 2 hours 4 minutes 6 seconds 906 msec
